// Validating benchmarks:
// ***** BenchmarkRunner: Start   *****
// ***** Found 3 benchmark(s) in total *****
// ***** Building 1 exe(s) in Parallel: Start   *****
// start dotnet  restore /p:UseSharedCompilation=false /p:BuildInParallel=false /m:1 /p:Deterministic=true /p:Optimize=true /p:IntermediateOutputPath="D:\DevData\ericksonlopez.dev\dotnet-sql-builder\benchmarks\EricksonLopez.SqlBuilder.Benchmarks\bin\Release\net10.0\68fe786f-14ae-4e95-8c67-fd7a609c6793\obj\Release\net10.0/" /p:OutDir="D:\DevData\ericksonlopez.dev\dotnet-sql-builder\benchmarks\EricksonLopez.SqlBuilder.Benchmarks\bin\Release\net10.0\68fe786f-14ae-4e95-8c67-fd7a609c6793\bin\Release\net10.0/" /p:OutputPath="D:\DevData\ericksonlopez.dev\dotnet-sql-builder\benchmarks\EricksonLopez.SqlBuilder.Benchmarks\bin\Release\net10.0\68fe786f-14ae-4e95-8c67-fd7a609c6793\bin\Release\net10.0/" in D:\DevData\ericksonlopez.dev\dotnet-sql-builder\benchmarks\EricksonLopez.SqlBuilder.Benchmarks\bin\Release\net10.0\68fe786f-14ae-4e95-8c67-fd7a609c6793
// command took 10.4 sec and exited with 0
// start dotnet  build -c Release --no-restore /p:UseSharedCompilation=false /p:BuildInParallel=false /m:1 /p:Deterministic=true /p:Optimize=true /p:IntermediateOutputPath="D:\DevData\ericksonlopez.dev\dotnet-sql-builder\benchmarks\EricksonLopez.SqlBuilder.Benchmarks\bin\Release\net10.0\68fe786f-14ae-4e95-8c67-fd7a609c6793\obj\Release\net10.0/" /p:OutDir="D:\DevData\ericksonlopez.dev\dotnet-sql-builder\benchmarks\EricksonLopez.SqlBuilder.Benchmarks\bin\Release\net10.0\68fe786f-14ae-4e95-8c67-fd7a609c6793\bin\Release\net10.0/" /p:OutputPath="D:\DevData\ericksonlopez.dev\dotnet-sql-builder\benchmarks\EricksonLopez.SqlBuilder.Benchmarks\bin\Release\net10.0\68fe786f-14ae-4e95-8c67-fd7a609c6793\bin\Release\net10.0/" --output "D:\DevData\ericksonlopez.dev\dotnet-sql-builder\benchmarks\EricksonLopez.SqlBuilder.Benchmarks\bin\Release\net10.0\68fe786f-14ae-4e95-8c67-fd7a609c6793\bin\Release\net10.0/" in D:\DevData\ericksonlopez.dev\dotnet-sql-builder\benchmarks\EricksonLopez.SqlBuilder.Benchmarks\bin\Release\net10.0\68fe786f-14ae-4e95-8c67-fd7a609c6793
// command took 31.82 sec and exited with 0
// ***** Done, took 00:00:42 (42.7 sec)   *****
// Found 3 benchmarks:
//   SelectBenchmarks.SqlBuilder_SimpleSelect: Job-MBCKNW(IterationCount=3, LaunchCount=1, WarmupCount=1)
//   SelectBenchmarks.SqlBuilder_ComplexSelect: Job-MBCKNW(IterationCount=3, LaunchCount=1, WarmupCount=1)
//   SelectBenchmarks.SqlBuilder_GroupBy: Job-MBCKNW(IterationCount=3, LaunchCount=1, WarmupCount=1)

Setup power plan (GUID: 8c5e7fda-e8bf-4a96-9a85-a6e23a8c635c FriendlyName: Alto rendimiento)
// **************************
// Benchmark: SelectBenchmarks.SqlBuilder_SimpleSelect: Job-MBCKNW(IterationCount=3, LaunchCount=1, WarmupCount=1)
// *** Execute ***
// Launch: 1 / 1
// Execute: dotnet 68fe786f-14ae-4e95-8c67-fd7a609c6793.dll --anonymousPipes 5180 5904 --benchmarkName EricksonLopez.SqlBuilder.Benchmarks.SelectBenchmarks.SqlBuilder_SimpleSelect --job "IterationCount=3, LaunchCount=1, WarmupCount=1" --benchmarkId 0 in D:\DevData\ericksonlopez.dev\dotnet-sql-builder\benchmarks\EricksonLopez.SqlBuilder.Benchmarks\bin\Release\net10.0\68fe786f-14ae-4e95-8c67-fd7a609c6793\bin\Release\net10.0
// BeforeAnythingElse

// Benchmark Process Environment Information:
// BenchmarkDotNet v0.14.0
// Runtime=.NET 10.0.11 (10.0.1126.37416), X64 RyuJIT AVX-512F+CD+BW+DQ+VL+VBMI
// GC=Concurrent Workstation
// HardwareIntrinsics=AVX-512F+CD+BW+DQ+VL+VBMI,AES,BMI1,BMI2,FMA,LZCNT,PCLMUL,POPCNT,AvxVnni VectorSize=256
// Job: Job-SSEYXG(IterationCount=3, LaunchCount=1, WarmupCount=1)

OverheadJitting  1: 1 op, 225900.00 ns, 225.9000 us/op
WorkloadJitting  1: 1 op, 64063600.00 ns, 64.0636 ms/op

WorkloadPilot    1: 2 op, 95900.00 ns, 47.9500 us/op
WorkloadPilot    2: 3 op, 32500.00 ns, 10.8333 us/op
WorkloadPilot    3: 4 op, 37100.00 ns, 9.2750 us/op
WorkloadPilot    4: 5 op, 14400.00 ns, 2.8800 us/op
WorkloadPilot    5: 6 op, 19800.00 ns, 3.3000 us/op
WorkloadPilot    6: 7 op, 20200.00 ns, 2.8857 us/op
WorkloadPilot    7: 8 op, 29300.00 ns, 3.6625 us/op
WorkloadPilot    8: 9 op, 24600.00 ns, 2.7333 us/op
WorkloadPilot    9: 10 op, 32200.00 ns, 3.2200 us/op
WorkloadPilot   10: 11 op, 30500.00 ns, 2.7727 us/op
WorkloadPilot   11: 12 op, 32600.00 ns, 2.7167 us/op
WorkloadPilot   12: 13 op, 39900.00 ns, 3.0692 us/op
WorkloadPilot   13: 14 op, 45100.00 ns, 3.2214 us/op
WorkloadPilot   14: 15 op, 55100.00 ns, 3.6733 us/op
WorkloadPilot   15: 16 op, 52800.00 ns, 3.3000 us/op
WorkloadPilot   16: 32 op, 85700.00 ns, 2.6781 us/op
WorkloadPilot   17: 64 op, 207800.00 ns, 3.2469 us/op
WorkloadPilot   18: 128 op, 501200.00 ns, 3.9156 us/op
WorkloadPilot   19: 256 op, 692500.00 ns, 2.7051 us/op
WorkloadPilot   20: 512 op, 1223500.00 ns, 2.3896 us/op
WorkloadPilot   21: 1024 op, 2700900.00 ns, 2.6376 us/op
WorkloadPilot   22: 2048 op, 5158300.00 ns, 2.5187 us/op
WorkloadPilot   23: 4096 op, 10470200.00 ns, 2.5562 us/op
WorkloadPilot   24: 8192 op, 20323000.00 ns, 2.4808 us/op
WorkloadPilot   25: 16384 op, 39315600.00 ns, 2.3996 us/op
WorkloadPilot   26: 32768 op, 71156100.00 ns, 2.1715 us/op
WorkloadPilot   27: 65536 op, 160981800.00 ns, 2.4564 us/op
WorkloadPilot   28: 131072 op, 396274900.00 ns, 3.0233 us/op
WorkloadPilot   29: 262144 op, 654118100.00 ns, 2.4953 us/op

WorkloadWarmup   1: 262144 op, 240339200.00 ns, 916.8213 ns/op

// BeforeActualRun
WorkloadActual   1: 262144 op, 142284700.00 ns, 542.7731 ns/op
WorkloadActual   2: 262144 op, 142452100.00 ns, 543.4116 ns/op
WorkloadActual   3: 262144 op, 143070400.00 ns, 545.7703 ns/op

// AfterActualRun
WorkloadResult   1: 262144 op, 142284700.00 ns, 542.7731 ns/op
WorkloadResult   2: 262144 op, 142452100.00 ns, 543.4116 ns/op
WorkloadResult   3: 262144 op, 143070400.00 ns, 545.7703 ns/op
// GC:  10 0 0 515902176 262144
// Threading:  0 0 262144

// AfterAll
// Benchmark Process 38088 has exited with code 0.

Mean = 543.985 ns, StdErr = 0.911 ns (0.17%), N = 3, StdDev = 1.579 ns
Min = 542.773 ns, Q1 = 543.092 ns, Median = 543.412 ns, Q3 = 544.591 ns, Max = 545.770 ns
IQR = 1.499 ns, LowerFence = 540.844 ns, UpperFence = 546.839 ns
ConfidenceInterval = [515.183 ns; 572.787 ns] (CI 99.9%), Margin = 28.802 ns (5.29% of Mean)
Skewness = 0.32, Kurtosis = 0.67, MValue = 2

// ** Remained 2 (66.7 %) benchmark(s) to run. Estimated finish 2026-09-05 17:36 (0h 0m from now) **
Setup power plan (GUID: 8c5e7fda-e8bf-4a96-9a85-a6e23a8c635c FriendlyName: Alto rendimiento)
// **************************
// Benchmark: SelectBenchmarks.SqlBuilder_ComplexSelect: Job-MBCKNW(IterationCount=3, LaunchCount=1, WarmupCount=1)
// *** Execute ***
// Launch: 1 / 1
// Execute: dotnet 68fe786f-14ae-4e95-8c67-fd7a609c6793.dll --anonymousPipes 5824 6056 --benchmarkName EricksonLopez.SqlBuilder.Benchmarks.SelectBenchmarks.SqlBuilder_ComplexSelect --job "IterationCount=3, LaunchCount=1, WarmupCount=1" --benchmarkId 1 in D:\DevData\ericksonlopez.dev\dotnet-sql-builder\benchmarks\EricksonLopez.SqlBuilder.Benchmarks\bin\Release\net10.0\68fe786f-14ae-4e95-8c67-fd7a609c6793\bin\Release\net10.0
// BeforeAnythingElse

// Benchmark Process Environment Information:
// BenchmarkDotNet v0.14.0
// Runtime=.NET 10.0.11 (10.0.1126.37416), X64 RyuJIT AVX-512F+CD+BW+DQ+VL+VBMI
// GC=Concurrent Workstation
// HardwareIntrinsics=AVX-512F+CD+BW+DQ+VL+VBMI,AES,BMI1,BMI2,FMA,LZCNT,PCLMUL,POPCNT,AvxVnni VectorSize=256
// Job: Job-MDFSOS(IterationCount=3, LaunchCount=1, WarmupCount=1)

OverheadJitting  1: 1 op, 222000.00 ns, 222.0000 us/op
WorkloadJitting  1: 1 op, 32991000.00 ns, 32.9910 ms/op

OverheadJitting  2: 16 op, 324700.00 ns, 20.2938 us/op
WorkloadJitting  2: 16 op, 474300.00 ns, 29.6438 us/op

WorkloadPilot    1: 16 op, 106100.00 ns, 6.6313 us/op
WorkloadPilot    2: 32 op, 165100.00 ns, 5.1594 us/op
WorkloadPilot    3: 64 op, 290200.00 ns, 4.5344 us/op
WorkloadPilot    4: 128 op, 549000.00 ns, 4.2891 us/op
WorkloadPilot    5: 256 op, 1106800.00 ns, 4.3234 us/op
WorkloadPilot    6: 512 op, 2224800.00 ns, 4.3453 us/op
WorkloadPilot    7: 1024 op, 4335800.00 ns, 4.2342 us/op
WorkloadPilot    8: 2048 op, 8537700.00 ns, 4.1688 us/op
WorkloadPilot    9: 4096 op, 17007700.00 ns, 4.1523 us/op
WorkloadPilot   10: 8192 op, 33790200.00 ns, 4.1248 us/op
WorkloadPilot   11: 16384 op, 63724500.00 ns, 3.8894 us/op
WorkloadPilot   12: 32768 op, 151554000.00 ns, 4.6251 us/op
WorkloadPilot   13: 65536 op, 347553800.00 ns, 5.3033 us/op
WorkloadPilot   14: 131072 op, 657585700.00 ns, 5.0170 us/op

OverheadWarmup   1: 131072 op, 255100.00 ns, 1.9463 ns/op
OverheadWarmup   2: 131072 op, 254000.00 ns, 1.9379 ns/op
OverheadWarmup   3: 131072 op, 253600.00 ns, 1.9348 ns/op
OverheadWarmup   4: 131072 op, 253400.00 ns, 1.9333 ns/op
OverheadWarmup   5: 131072 op, 253400.00 ns, 1.9333 ns/op
OverheadWarmup   6: 131072 op, 252700.00 ns, 1.9279 ns/op
OverheadWarmup   7: 131072 op, 253200.00 ns, 1.9318 ns/op
OverheadWarmup   8: 131072 op, 259300.00 ns, 1.9783 ns/op
OverheadWarmup   9: 131072 op, 253400.00 ns, 1.9333 ns/op

OverheadActual   1: 131072 op, 258200.00 ns, 1.9699 ns/op
OverheadActual   2: 131072 op, 253300.00 ns, 1.9325 ns/op
OverheadActual   3: 131072 op, 282800.00 ns, 2.1576 ns/op
OverheadActual   4: 131072 op, 253100.00 ns, 1.9310 ns/op
OverheadActual   5: 131072 op, 253500.00 ns, 1.9341 ns/op
OverheadActual   6: 131072 op, 253300.00 ns, 1.9325 ns/op
OverheadActual   7: 131072 op, 252600.00 ns, 1.9272 ns/op
OverheadActual   8: 131072 op, 257100.00 ns, 1.9615 ns/op
OverheadActual   9: 131072 op, 252700.00 ns, 1.9279 ns/op
OverheadActual  10: 131072 op, 252600.00 ns, 1.9272 ns/op
OverheadActual  11: 131072 op, 256100.00 ns, 1.9539 ns/op
OverheadActual  12: 131072 op, 252900.00 ns, 1.9295 ns/op
OverheadActual  13: 131072 op, 253500.00 ns, 1.9341 ns/op
OverheadActual  14: 131072 op, 258100.00 ns, 1.9691 ns/op
OverheadActual  15: 131072 op, 258000.00 ns, 1.9684 ns/op

WorkloadWarmup   1: 131072 op, 334248700.00 ns, 2.5501 us/op

// BeforeActualRun
WorkloadActual   1: 131072 op, 208454400.00 ns, 1.5904 us/op
WorkloadActual   2: 131072 op, 154412800.00 ns, 1.1781 us/op
WorkloadActual   3: 131072 op, 151146800.00 ns, 1.1532 us/op

// AfterActualRun
WorkloadResult   1: 131072 op, 208200900.00 ns, 1.5884 us/op
WorkloadResult   2: 131072 op, 154159300.00 ns, 1.1761 us/op
WorkloadResult   3: 131072 op, 150893300.00 ns, 1.1512 us/op
// GC:  9 0 0 489687272 131072
// Threading:  0 0 131072

// AfterAll
// Benchmark Process 42768 has exited with code 0.

Mean = 1.305 μs, StdErr = 0.142 μs (10.86%), N = 3, StdDev = 0.246 μs
Min = 1.151 μs, Q1 = 1.164 μs, Median = 1.176 μs, Q3 = 1.382 μs, Max = 1.588 μs
IQR = 0.219 μs, LowerFence = 0.836 μs, UpperFence = 1.710 μs
ConfidenceInterval = [-3.175 μs; 5.785 μs] (CI 99.9%), Margin = 4.480 μs (343.21% of Mean)
Skewness = 0.38, Kurtosis = 0.67, MValue = 2

// ** Remained 1 (33.3 %) benchmark(s) to run. Estimated finish 2026-09-05 17:36 (0h 0m from now) **
Setup power plan (GUID: 8c5e7fda-e8bf-4a96-9a85-a6e23a8c635c FriendlyName: Alto rendimiento)
// **************************
// Benchmark: SelectBenchmarks.SqlBuilder_GroupBy: Job-MBCKNW(IterationCount=3, LaunchCount=1, WarmupCount=1)
// *** Execute ***
// Launch: 1 / 1
// Execute: dotnet 68fe786f-14ae-4e95-8c67-fd7a609c6793.dll --anonymousPipes 3016 1568 --benchmarkName EricksonLopez.SqlBuilder.Benchmarks.SelectBenchmarks.SqlBuilder_GroupBy --job "IterationCount=3, LaunchCount=1, WarmupCount=1" --benchmarkId 2 in D:\DevData\ericksonlopez.dev\dotnet-sql-builder\benchmarks\EricksonLopez.SqlBuilder.Benchmarks\bin\Release\net10.0\68fe786f-14ae-4e95-8c67-fd7a609c6793\bin\Release\net10.0
// BeforeAnythingElse

// Benchmark Process Environment Information:
// BenchmarkDotNet v0.14.0
// Runtime=.NET 10.0.11 (10.0.1126.37416), X64 RyuJIT AVX-512F+CD+BW+DQ+VL+VBMI
// GC=Concurrent Workstation
// HardwareIntrinsics=AVX-512F+CD+BW+DQ+VL+VBMI,AES,BMI1,BMI2,FMA,LZCNT,PCLMUL,POPCNT,AvxVnni VectorSize=256
// Job: Job-UAXZVA(IterationCount=3, LaunchCount=1, WarmupCount=1)

OverheadJitting  1: 1 op, 223600.00 ns, 223.6000 us/op
WorkloadJitting  1: 1 op, 42207900.00 ns, 42.2079 ms/op

WorkloadPilot    1: 2 op, 129600.00 ns, 64.8000 us/op
WorkloadPilot    2: 3 op, 38200.00 ns, 12.7333 us/op
WorkloadPilot    3: 4 op, 40200.00 ns, 10.0500 us/op
WorkloadPilot    4: 5 op, 40300.00 ns, 8.0600 us/op
WorkloadPilot    5: 6 op, 65000.00 ns, 10.8333 us/op
WorkloadPilot    6: 7 op, 84900.00 ns, 12.1286 us/op
WorkloadPilot    7: 8 op, 57200.00 ns, 7.1500 us/op
WorkloadPilot    8: 9 op, 58900.00 ns, 6.5444 us/op
WorkloadPilot    9: 10 op, 59600.00 ns, 5.9600 us/op
WorkloadPilot   10: 11 op, 64200.00 ns, 5.8364 us/op
WorkloadPilot   11: 12 op, 94800.00 ns, 7.9000 us/op
WorkloadPilot   12: 13 op, 55200.00 ns, 4.2462 us/op
WorkloadPilot   13: 14 op, 72200.00 ns, 5.1571 us/op
WorkloadPilot   14: 15 op, 73200.00 ns, 4.8800 us/op
WorkloadPilot   15: 16 op, 72800.00 ns, 4.5500 us/op
WorkloadPilot   16: 32 op, 125600.00 ns, 3.9250 us/op
WorkloadPilot   17: 64 op, 228400.00 ns, 3.5688 us/op
WorkloadPilot   18: 128 op, 388200.00 ns, 3.0328 us/op
WorkloadPilot   19: 256 op, 734900.00 ns, 2.8707 us/op
WorkloadPilot   20: 512 op, 1487300.00 ns, 2.9049 us/op
WorkloadPilot   21: 1024 op, 3123200.00 ns, 3.0500 us/op
WorkloadPilot   22: 2048 op, 6092800.00 ns, 2.9750 us/op
WorkloadPilot   23: 4096 op, 12195600.00 ns, 2.9774 us/op
WorkloadPilot   24: 8192 op, 24737900.00 ns, 3.0198 us/op
WorkloadPilot   25: 16384 op, 46790700.00 ns, 2.8559 us/op
WorkloadPilot   26: 32768 op, 102626100.00 ns, 3.1319 us/op
WorkloadPilot   27: 65536 op, 236844000.00 ns, 3.6140 us/op
WorkloadPilot   28: 131072 op, 500542700.00 ns, 3.8188 us/op

WorkloadWarmup   1: 131072 op, 468616400.00 ns, 3.5753 us/op

// BeforeActualRun
WorkloadActual   1: 131072 op, 307001600.00 ns, 2.3422 us/op
WorkloadActual   2: 131072 op, 204992500.00 ns, 1.5640 us/op
WorkloadActual   3: 131072 op, 104254400.00 ns, 795.3979 ns/op

// AfterActualRun
WorkloadResult   1: 131072 op, 307001600.00 ns, 2.3422 us/op
WorkloadResult   2: 131072 op, 204992500.00 ns, 1.5640 us/op
WorkloadResult   3: 131072 op, 104254400.00 ns, 795.3979 ns/op
// GC:  6 0 0 325059208 131072
// Threading:  0 0 131072

// AfterAll
// Benchmark Process 50356 has exited with code 0.

Mean = 1.567 μs, StdErr = 0.447 μs (28.49%), N = 3, StdDev = 0.773 μs
Min = 0.795 μs, Q1 = 1.180 μs, Median = 1.564 μs, Q3 = 1.953 μs, Max = 2.342 μs
IQR = 0.773 μs, LowerFence = 0.020 μs, UpperFence = 3.113 μs
ConfidenceInterval = [-12.543 μs; 15.677 μs] (CI 99.9%), Margin = 14.110 μs (900.34% of Mean)
Skewness = 0, Kurtosis = 0.67, MValue = 2

// ** Remained 0 (0.0 %) benchmark(s) to run. Estimated finish 2026-09-05 17:36 (0h 0m from now) **
Successfully reverted power plan (GUID: 8c5e7fda-e8bf-4a96-9a85-a6e23a8c635c FriendlyName: Alto rendimiento)
// ***** BenchmarkRunner: Finish  *****

// * Export *
  BenchmarkDotNet.Artifacts\results\EricksonLopez.SqlBuilder.Benchmarks.SelectBenchmarks-report.csv
  BenchmarkDotNet.Artifacts\results\EricksonLopez.SqlBuilder.Benchmarks.SelectBenchmarks-report-github.md
  BenchmarkDotNet.Artifacts\results\EricksonLopez.SqlBuilder.Benchmarks.SelectBenchmarks-report.html

// * Detailed results *
SelectBenchmarks.SqlBuilder_SimpleSelect: Job-MBCKNW(IterationCount=3, LaunchCount=1, WarmupCount=1)
Runtime = .NET 10.0.11 (10.0.1126.37416), X64 RyuJIT AVX-512F+CD+BW+DQ+VL+VBMI; GC = Concurrent Workstation
Mean = 543.985 ns, StdErr = 0.911 ns (0.17%), N = 3, StdDev = 1.579 ns
Min = 542.773 ns, Q1 = 543.092 ns, Median = 543.412 ns, Q3 = 544.591 ns, Max = 545.770 ns
IQR = 1.499 ns, LowerFence = 540.844 ns, UpperFence = 546.839 ns
ConfidenceInterval = [515.183 ns; 572.787 ns] (CI 99.9%), Margin = 28.802 ns (5.29% of Mean)
Skewness = 0.32, Kurtosis = 0.67, MValue = 2
-------------------- Histogram --------------------
[541.336 ns ; 547.207 ns) | @@@
---------------------------------------------------

SelectBenchmarks.SqlBuilder_ComplexSelect: Job-MBCKNW(IterationCount=3, LaunchCount=1, WarmupCount=1)
Runtime = .NET 10.0.11 (10.0.1126.37416), X64 RyuJIT AVX-512F+CD+BW+DQ+VL+VBMI; GC = Concurrent Workstation
Mean = 1.305 μs, StdErr = 0.142 μs (10.86%), N = 3, StdDev = 0.246 μs
Min = 1.151 μs, Q1 = 1.164 μs, Median = 1.176 μs, Q3 = 1.382 μs, Max = 1.588 μs
IQR = 0.219 μs, LowerFence = 0.836 μs, UpperFence = 1.710 μs
ConfidenceInterval = [-3.175 μs; 5.785 μs] (CI 99.9%), Margin = 4.480 μs (343.21% of Mean)
Skewness = 0.38, Kurtosis = 0.67, MValue = 2
-------------------- Histogram --------------------
[1.146 μs ; 1.593 μs) | @@@
---------------------------------------------------

SelectBenchmarks.SqlBuilder_GroupBy: Job-MBCKNW(IterationCount=3, LaunchCount=1, WarmupCount=1)
Runtime = .NET 10.0.11 (10.0.1126.37416), X64 RyuJIT AVX-512F+CD+BW+DQ+VL+VBMI; GC = Concurrent Workstation
Mean = 1.567 μs, StdErr = 0.447 μs (28.49%), N = 3, StdDev = 0.773 μs
Min = 0.795 μs, Q1 = 1.180 μs, Median = 1.564 μs, Q3 = 1.953 μs, Max = 2.342 μs
IQR = 0.773 μs, LowerFence = 0.020 μs, UpperFence = 3.113 μs
ConfidenceInterval = [-12.543 μs; 15.677 μs] (CI 99.9%), Margin = 14.110 μs (900.34% of Mean)
Skewness = 0, Kurtosis = 0.67, MValue = 2
-------------------- Histogram --------------------
[0.476 μs ; 1.884 μs) | @@
[1.884 μs ; 3.046 μs) | @
---------------------------------------------------

// * Summary *

BenchmarkDotNet v0.14.0, Windows 11 (10.0.26200.9168)
Unknown processor
.NET SDK 10.0.400
  [Host]     : .NET 10.0.11 (10.0.1126.37416), X64 RyuJIT AVX-512F+CD+BW+DQ+VL+VBMI
  Job-MBCKNW : .NET 10.0.11 (10.0.1126.37416), X64 RyuJIT AVX-512F+CD+BW+DQ+VL+VBMI

IterationCount=3  LaunchCount=1  WarmupCount=1  

| Method                   | Mean       | Error        | StdDev    | Gen0   | Allocated |
|------------------------- |-----------:|-------------:|----------:|-------:|----------:|
| SqlBuilder_SimpleSelect  |   544.0 ns |     28.80 ns |   1.58 ns | 0.0381 |   1.92 KB |
| SqlBuilder_ComplexSelect | 1,305.3 ns |  4,479.81 ns | 245.55 ns | 0.0687 |   3.65 KB |
| SqlBuilder_GroupBy       | 1,567.2 ns | 14,110.14 ns | 773.42 ns | 0.0458 |   2.42 KB |

// * Legends *
  Mean      : Arithmetic mean of all measurements
  Error     : Half of 99.9% confidence interval
  StdDev    : Standard deviation of all measurements
  Gen0      : GC Generation 0 collects per 1000 operations
  Allocated : Allocated memory per single operation (managed only, inclusive, 1KB = 1024B)
  1 ns      : 1 Nanosecond (0.000000001 sec)

// * Diagnostic Output - MemoryDiagnoser *


// ***** BenchmarkRunner: End *****
Run time: 00:00:10 (10.37 sec), executed benchmarks: 3

Global total time: 00:00:53 (53.58 sec), executed benchmarks: 3
// * Artifacts cleanup *
Artifacts cleanup is finished
